Starting empty AD search
Reading 1 FASTQ/TXT file(s)...
Done in 3.98 minutes.

Reverse complement of sequences...
Done in 57.45 seconds.

Extracting 3 barcodes...
False
GGCTAGC
TGACTAG
AD: extracting between 'GGCTAGC' and 'TGACTAG'
False
CGCGCC
GGGCCC
AD_BC: extracting between 'CGCGCC' and 'GGGCCC'
False
CTCGAG
GGCCGC
RPTR_BC: extracting between 'CTCGAG' and 'GGCCGC'
Done in 1.04 minutes.

Done in 0.00 seconds.

Merging with design file...
Done in 20.28 seconds.

Mapping complete.
Base prefix (stable across descriptors): step1_AD_AD_BC_RPTR_BC_
Full prefix for this instance: step1_AD_AD_BC_RPTR_BC_

Using the following step order:
1. initial
2. grouped
3. thresholded
4. barcode_exists
5. unique_target
6. quality
7. designed

Grouping step1_AD_AD_BC_RPTR_BC_initial...
Done in 15.10 seconds.

Thresholding...
Using reads threshold of 50.
Done in 5.62 seconds.

Removing rows with null or empty barcodes (excluding AD)...
Done in 1.46 seconds.

Filtering fixed so that at least 90% of reads come from the most abundant target...
	Processing mapping 1: RPTR_BC → AD
Created filtered table: step1_AD_AD_BC_RPTR_BC_unique_target
Done in 2.77 seconds.


Filtering to high-quality reads...
Created table: step1_AD_AD_BC_RPTR_BC_quality — filtered for TRUE in all *_qual columns.
Done in 0.01 seconds.


Filtering to designed sequences...
Created table: step1_AD_AD_BC_RPTR_BC_designed — kept only Designed == 1.
Done in 0.00 seconds.

Done.
Saved loss summary table as 'step1_AD_AD_BC_RPTR_BC_loss_summary'
Done in 1.79 seconds.

