Error importing GPy.
 If trying to run parrot-optimize, make sure to use `pip install idptools-parrot[optimize]`
Namespace(data_file='/global/scratch/projects/fc_mvslab/OpenProjects/Sanjana/TREBL/output/GCN4_pipeline/speed/PARROT/exponential_strength_input_more_seqs.txt', output_network='/global/scratch/projects/fc_mvslab/OpenProjects/Sanjana/TREBL/output/GCN4_pipeline/speed/PARROT/exponential_strength_more_seqs', datatype='sequence', classes=1, hidden_size=10, num_layers=1, learning_rate=0.001, batch=32, epochs=100, split='', stop='iter', setFractions=[0.7, 0.15, 0.15], encode='onehot', excludeSeqID=False, probabilistic_classification=False, include_figs=True, ignore_metrics=False, forceCPU=False, gpu_id=None, ignore_warnings=False, save_splits=False, verbose=False, silent=False)

PARROT with user-specified parameters
-------------------------------------
Validation set loss per epoch:
Epoch 0	Loss 0.9680
Epoch 5	Loss 0.7930
Epoch 10	Loss 0.6260
Epoch 15	Loss 0.5784
Epoch 20	Loss 0.5362
Epoch 25	Loss 0.5543
Epoch 30	Loss 0.5120
Epoch 35	Loss 0.4984
Epoch 40	Loss 0.4917
Epoch 45	Loss 0.4770
Epoch 50	Loss 0.4715
Epoch 55	Loss 0.4621
Epoch 60	Loss 0.4643
Epoch 65	Loss 0.4541
Epoch 70	Loss 0.4571
Epoch 75	Loss 0.4710
Epoch 80	Loss 0.4610
Epoch 85	Loss 0.4563
Epoch 90	Loss 0.4823
Epoch 95	Loss 0.4652

Test Loss: 0.3848
Error importing GPy.
 If trying to run parrot-optimize, make sure to use `pip install idptools-parrot[optimize]`
Namespace(data_file='/global/scratch/projects/fc_mvslab/OpenProjects/Sanjana/TREBL/output/GCN4_pipeline/speed/PARROT/exponential_speed_input_k_more_seqs.txt', output_network='/global/scratch/projects/fc_mvslab/OpenProjects/Sanjana/TREBL/output/GCN4_pipeline/speed/PARROT/exponential_speed_k_more_seqs', datatype='sequence', classes=1, hidden_size=10, num_layers=1, learning_rate=0.001, batch=32, epochs=100, split='', stop='iter', setFractions=[0.7, 0.15, 0.15], encode='onehot', excludeSeqID=False, probabilistic_classification=False, include_figs=True, ignore_metrics=False, forceCPU=False, gpu_id=None, ignore_warnings=False, save_splits=False, verbose=False, silent=False)

PARROT with user-specified parameters
-------------------------------------
Validation set loss per epoch:
Epoch 0	Loss 0.0431
Epoch 5	Loss 0.0387
Epoch 10	Loss 0.0346
Epoch 15	Loss 0.0310
Epoch 20	Loss 0.0305
Epoch 25	Loss 0.0301
Epoch 30	Loss 0.0309
Epoch 35	Loss 0.0298
Epoch 40	Loss 0.0310
Epoch 45	Loss 0.0296
Epoch 50	Loss 0.0295
Epoch 55	Loss 0.0295
Epoch 60	Loss 0.0297
Epoch 65	Loss 0.0299
Epoch 70	Loss 0.0314
Epoch 75	Loss 0.0305
Epoch 80	Loss 0.0298
Epoch 85	Loss 0.0300
Epoch 90	Loss 0.0299
Epoch 95	Loss 0.0305

Test Loss: 0.0027
