Start yeast pool C UMI analysis
Already processed: 27
Remaining files: 15
Reading 1 FASTQ/TXT file(s)...
Done in 7.49 minutes.

Reverse complement of sequences...
Done in 1.25 minutes.

Extracting 1 barcodes...
False
CTCGAG

RPTR_BC: extracting 14 bases after preceder 'CTCGAG'
Done in 40.06 seconds.

Extracting UMI...
True
TGTCAC

UMI: extracting 12bp UMI after flank 'TGTCAC' near end of read
Done in 36.33 seconds.

Done in 41.74 seconds.

Mapping complete.
Base prefix (stable across descriptors): trebl_experiment_pool_C_umi_RPTR_3_0_S15_R1_001_fastp_RPTR_BC_
Full prefix for this instance: trebl_experiment_pool_C_umi_RPTR_3_0_S15_R1_001_fastp_RPTR_BC_

Using the following step order:
1. initial
2. quality


Filtering to high-quality reads...
Created table: trebl_experiment_pool_C_umi_RPTR_3_0_S15_R1_001_fastp_RPTR_BC_quality — filtered for TRUE in all *_qual columns.
Done in 22.96 seconds.

Done.
Saved loss summary table as 'trebl_experiment_pool_C_umi_RPTR_3_0_S15_R1_001_fastp_RPTR_BC_loss_summary'
Done in 0.72 seconds.

Starting simple deduplication.
Finished simple deduplication.

Starting UMI Tools directional deduplication.
Exported TSV for count_tab to ../../../output/GCN4_pipeline/trebl_experiment_pool_C_umi_/trebl_experiment_pool_C_umi_RPTR_3_0_S15_R1_001_fastp/RPTR_3_0_S15_R1_001_fastp_umi_count_input.tsv
# UMI-tools version: 1.1.6
# output generated by count_tab --stdin ../../../output/GCN4_pipeline/trebl_experiment_pool_C_umi_/trebl_experiment_pool_C_umi_RPTR_3_0_S15_R1_001_fastp/RPTR_3_0_S15_R1_001_fastp_umi_count_input.tsv --stdout ../../../output/GCN4_pipeline/trebl_experiment_pool_C_umi_/trebl_experiment_pool_C_umi_RPTR_3_0_S15_R1_001_fastp/RPTR_3_0_S15_R1_001_fastp_directional_umi_counts.tsv
# job started at Wed Mar 11 10:07:23 2026 on n0151.savio2 -- 185326f3-3136-4b05-b894-d56572585a12
# pid: 2333509, system: Linux 4.18.0-553.34.1.el8_10.x86_64 #1 SMP Wed Jan 8 14:44:18 UTC 2025 x86_64
# bc_sep                                  : _
# compresslevel                           : 6
# log2stderr                              : False
# loglevel                                : 1
# method                                  : directional
# per_cell                                : None
# random_seed                             : None
# read_length                             : False
# short_help                              : None
# soft_clip_threshold                     : 4
# spliced                                 : False
# stderr                                  : <_io.TextIOWrapper name='<stderr>' mode='w' encoding='utf-8'>
# stdin                                   : <_io.TextIOWrapper name='../../../output/GCN4_pipeline/trebl_experiment_pool_C_umi_/trebl_experiment_pool_C_umi_RPTR_3_0_S15_R1_001_fastp/RPTR_3_0_S15_R1_001_fastp_umi_count_input.tsv' mode='r' encoding='UTF-8'>
# stdlog                                  : <_io.TextIOWrapper name='<stdout>' mode='w' encoding='utf-8'>
# stdout                                  : <_io.TextIOWrapper name='../../../output/GCN4_pipeline/trebl_experiment_pool_C_umi_/trebl_experiment_pool_C_umi_RPTR_3_0_S15_R1_001_fastp/RPTR_3_0_S15_R1_001_fastp_directional_umi_counts.tsv' mode='w' encoding='UTF-8'>
# threshold                               : 1
# timeit_file                             : None
# timeit_header                           : None
# timeit_name                             : all
# tmpdir                                  : None
2026-03-11 10:10:23,352 INFO Number of reads counted: 3057484
# job finished in 179 seconds at Wed Mar 11 10:10:23 2026 -- 182.97  2.35  0.00  0.00 -- 185326f3-3136-4b05-b894-d56572585a12
Count_tab output saved to ../../../output/GCN4_pipeline/trebl_experiment_pool_C_umi_/trebl_experiment_pool_C_umi_RPTR_3_0_S15_R1_001_fastp/RPTR_3_0_S15_R1_001_fastp_directional_umi_counts.tsv
Deleted intermediate file ../../../output/GCN4_pipeline/trebl_experiment_pool_C_umi_/trebl_experiment_pool_C_umi_RPTR_3_0_S15_R1_001_fastp/RPTR_3_0_S15_R1_001_fastp_umi_count_input.tsv
Finished UMI Tools directional deduplication.

Saved to ../../../output/GCN4_pipeline/trebl_experiment_pool_C_umi_/trebl_experiment_pool_C_umi_RPTR_3_0_S15_R1_001_fastp/RPTR_3_0_S15_R1_001_fastp_simple_umi_counts.tsv
Saved to ../../../output/GCN4_pipeline/trebl_experiment_pool_C_umi_/trebl_experiment_pool_C_umi_RPTR_3_0_S15_R1_001_fastp/RPTR_3_0_S15_R1_001_fastp_reads_per_umi.tsv
Done in 9.52 seconds.

Reading 1 FASTQ/TXT file(s)...
Done in 16.09 minutes.

Reverse complement of sequences...
Done in 2.51 minutes.

Extracting 1 barcodes...
False
CTCGAG

RPTR_BC: extracting 14 bases after preceder 'CTCGAG'
Done in 1.10 minutes.

Extracting UMI...
True
TGTCAC

UMI: extracting 12bp UMI after flank 'TGTCAC' near end of read
Done in 58.05 seconds.

Done in 56.10 seconds.

Mapping complete.
Base prefix (stable across descriptors): trebl_experiment_pool_C_umi_RPTR_2_10_S10_R1_001_fastp_RPTR_BC_
Full prefix for this instance: trebl_experiment_pool_C_umi_RPTR_2_10_S10_R1_001_fastp_RPTR_BC_

Using the following step order:
1. initial
2. quality


Filtering to high-quality reads...
Created table: trebl_experiment_pool_C_umi_RPTR_2_10_S10_R1_001_fastp_RPTR_BC_quality — filtered for TRUE in all *_qual columns.
Done in 1.06 minutes.

Done.
Saved loss summary table as 'trebl_experiment_pool_C_umi_RPTR_2_10_S10_R1_001_fastp_RPTR_BC_loss_summary'
Done in 2.08 seconds.

Starting simple deduplication.
Finished simple deduplication.

Starting UMI Tools directional deduplication.
Exported TSV for count_tab to ../../../output/GCN4_pipeline/trebl_experiment_pool_C_umi_/trebl_experiment_pool_C_umi_RPTR_2_10_S10_R1_001_fastp/RPTR_2_10_S10_R1_001_fastp_umi_count_input.tsv
# UMI-tools version: 1.1.6
# output generated by count_tab --stdin ../../../output/GCN4_pipeline/trebl_experiment_pool_C_umi_/trebl_experiment_pool_C_umi_RPTR_2_10_S10_R1_001_fastp/RPTR_2_10_S10_R1_001_fastp_umi_count_input.tsv --stdout ../../../output/GCN4_pipeline/trebl_experiment_pool_C_umi_/trebl_experiment_pool_C_umi_RPTR_2_10_S10_R1_001_fastp/RPTR_2_10_S10_R1_001_fastp_directional_umi_counts.tsv
# job started at Wed Mar 11 10:43:32 2026 on n0151.savio2 -- aa94ed7d-d5b9-46b2-a98f-102063dd3801
# pid: 217365, system: Linux 4.18.0-553.34.1.el8_10.x86_64 #1 SMP Wed Jan 8 14:44:18 UTC 2025 x86_64
# bc_sep                                  : _
# compresslevel                           : 6
# log2stderr                              : False
# loglevel                                : 1
# method                                  : directional
# per_cell                                : None
# random_seed                             : None
# read_length                             : False
# short_help                              : None
# soft_clip_threshold                     : 4
# spliced                                 : False
# stderr                                  : <_io.TextIOWrapper name='<stderr>' mode='w' encoding='utf-8'>
# stdin                                   : <_io.TextIOWrapper name='../../../output/GCN4_pipeline/trebl_experiment_pool_C_umi_/trebl_experiment_pool_C_umi_RPTR_2_10_S10_R1_001_fastp/RPTR_2_10_S10_R1_001_fastp_umi_count_input.tsv' mode='r' encoding='UTF-8'>
# stdlog                                  : <_io.TextIOWrapper name='<stdout>' mode='w' encoding='utf-8'>
# stdout                                  : <_io.TextIOWrapper name='../../../output/GCN4_pipeline/trebl_experiment_pool_C_umi_/trebl_experiment_pool_C_umi_RPTR_2_10_S10_R1_001_fastp/RPTR_2_10_S10_R1_001_fastp_directional_umi_counts.tsv' mode='w' encoding='UTF-8'>
# threshold                               : 1
# timeit_file                             : None
# timeit_header                           : None
# timeit_name                             : all
# tmpdir                                  : None
2026-03-11 11:04:54,789 INFO Number of reads counted: 12344002
# job finished in 1282 seconds at Wed Mar 11 11:04:54 2026 -- 1256.40 15.39  0.00  0.00 -- aa94ed7d-d5b9-46b2-a98f-102063dd3801
Count_tab output saved to ../../../output/GCN4_pipeline/trebl_experiment_pool_C_umi_/trebl_experiment_pool_C_umi_RPTR_2_10_S10_R1_001_fastp/RPTR_2_10_S10_R1_001_fastp_directional_umi_counts.tsv
Deleted intermediate file ../../../output/GCN4_pipeline/trebl_experiment_pool_C_umi_/trebl_experiment_pool_C_umi_RPTR_2_10_S10_R1_001_fastp/RPTR_2_10_S10_R1_001_fastp_umi_count_input.tsv
Finished UMI Tools directional deduplication.

Saved to ../../../output/GCN4_pipeline/trebl_experiment_pool_C_umi_/trebl_experiment_pool_C_umi_RPTR_2_10_S10_R1_001_fastp/RPTR_2_10_S10_R1_001_fastp_simple_umi_counts.tsv
Saved to ../../../output/GCN4_pipeline/trebl_experiment_pool_C_umi_/trebl_experiment_pool_C_umi_RPTR_2_10_S10_R1_001_fastp/RPTR_2_10_S10_R1_001_fastp_reads_per_umi.tsv
Done in 39.03 seconds.

Reading 1 FASTQ/TXT file(s)...
Done in 18.43 minutes.

Reverse complement of sequences...
Done in 3.23 minutes.

Extracting 1 barcodes...
False
CTCGAG

RPTR_BC: extracting 14 bases after preceder 'CTCGAG'
Done in 1.43 minutes.

Extracting UMI...
True
TGTCAC

UMI: extracting 12bp UMI after flank 'TGTCAC' near end of read
Done in 1.21 minutes.

Done in 1.46 minutes.

Mapping complete.
Base prefix (stable across descriptors): trebl_experiment_pool_C_umi_RPTR_2_15_S11_R1_001_fastp_RPTR_BC_
Full prefix for this instance: trebl_experiment_pool_C_umi_RPTR_2_15_S11_R1_001_fastp_RPTR_BC_

Using the following step order:
1. initial
2. quality


Filtering to high-quality reads...
Created table: trebl_experiment_pool_C_umi_RPTR_2_15_S11_R1_001_fastp_RPTR_BC_quality — filtered for TRUE in all *_qual columns.
Done in 1.66 minutes.

Done.
Saved loss summary table as 'trebl_experiment_pool_C_umi_RPTR_2_15_S11_R1_001_fastp_RPTR_BC_loss_summary'
Done in 10.24 seconds.

Starting simple deduplication.
Finished simple deduplication.

Starting UMI Tools directional deduplication.
Exported TSV for count_tab to ../../../output/GCN4_pipeline/trebl_experiment_pool_C_umi_/trebl_experiment_pool_C_umi_RPTR_2_15_S11_R1_001_fastp/RPTR_2_15_S11_R1_001_fastp_umi_count_input.tsv
# UMI-tools version: 1.1.6
# output generated by count_tab --stdin ../../../output/GCN4_pipeline/trebl_experiment_pool_C_umi_/trebl_experiment_pool_C_umi_RPTR_2_15_S11_R1_001_fastp/RPTR_2_15_S11_R1_001_fastp_umi_count_input.tsv --stdout ../../../output/GCN4_pipeline/trebl_experiment_pool_C_umi_/trebl_experiment_pool_C_umi_RPTR_2_15_S11_R1_001_fastp/RPTR_2_15_S11_R1_001_fastp_directional_umi_counts.tsv
# job started at Wed Mar 11 11:43:43 2026 on n0151.savio2 -- 8cdef5eb-1075-4b8d-ac28-f2b142c9cccb
# pid: 4105382, system: Linux 4.18.0-553.34.1.el8_10.x86_64 #1 SMP Wed Jan 8 14:44:18 UTC 2025 x86_64
# bc_sep                                  : _
# compresslevel                           : 6
# log2stderr                              : False
# loglevel                                : 1
# method                                  : directional
# per_cell                                : None
# random_seed                             : None
# read_length                             : False
# short_help                              : None
# soft_clip_threshold                     : 4
# spliced                                 : False
# stderr                                  : <_io.TextIOWrapper name='<stderr>' mode='w' encoding='utf-8'>
# stdin                                   : <_io.TextIOWrapper name='../../../output/GCN4_pipeline/trebl_experiment_pool_C_umi_/trebl_experiment_pool_C_umi_RPTR_2_15_S11_R1_001_fastp/RPTR_2_15_S11_R1_001_fastp_umi_count_input.tsv' mode='r' encoding='UTF-8'>
# stdlog                                  : <_io.TextIOWrapper name='<stdout>' mode='w' encoding='utf-8'>
# stdout                                  : <_io.TextIOWrapper name='../../../output/GCN4_pipeline/trebl_experiment_pool_C_umi_/trebl_experiment_pool_C_umi_RPTR_2_15_S11_R1_001_fastp/RPTR_2_15_S11_R1_001_fastp_directional_umi_counts.tsv' mode='w' encoding='UTF-8'>
# threshold                               : 1
# timeit_file                             : None
# timeit_header                           : None
# timeit_name                             : all
# tmpdir                                  : None
2026-03-11 12:22:27,184 INFO Number of reads counted: 17954695
# job finished in 2323 seconds at Wed Mar 11 12:22:27 2026 -- 2308.51  9.97  0.00  0.00 -- 8cdef5eb-1075-4b8d-ac28-f2b142c9cccb
Count_tab output saved to ../../../output/GCN4_pipeline/trebl_experiment_pool_C_umi_/trebl_experiment_pool_C_umi_RPTR_2_15_S11_R1_001_fastp/RPTR_2_15_S11_R1_001_fastp_directional_umi_counts.tsv
Deleted intermediate file ../../../output/GCN4_pipeline/trebl_experiment_pool_C_umi_/trebl_experiment_pool_C_umi_RPTR_2_15_S11_R1_001_fastp/RPTR_2_15_S11_R1_001_fastp_umi_count_input.tsv
Finished UMI Tools directional deduplication.

Saved to ../../../output/GCN4_pipeline/trebl_experiment_pool_C_umi_/trebl_experiment_pool_C_umi_RPTR_2_15_S11_R1_001_fastp/RPTR_2_15_S11_R1_001_fastp_simple_umi_counts.tsv
Saved to ../../../output/GCN4_pipeline/trebl_experiment_pool_C_umi_/trebl_experiment_pool_C_umi_RPTR_2_15_S11_R1_001_fastp/RPTR_2_15_S11_R1_001_fastp_reads_per_umi.tsv
Done in 55.82 seconds.

Reading 1 FASTQ/TXT file(s)...
Done in 20.43 minutes.

Reverse complement of sequences...
Done in 3.06 minutes.

Extracting 1 barcodes...
False
CTCGAG

RPTR_BC: extracting 14 bases after preceder 'CTCGAG'
Done in 1.32 minutes.

Extracting UMI...
True
TGTCAC

UMI: extracting 12bp UMI after flank 'TGTCAC' near end of read
Done in 1.11 minutes.

Done in 1.27 minutes.

Mapping complete.
Base prefix (stable across descriptors): trebl_experiment_pool_C_umi_RPTR_1_30_S5_R1_001_fastp_RPTR_BC_
Full prefix for this instance: trebl_experiment_pool_C_umi_RPTR_1_30_S5_R1_001_fastp_RPTR_BC_

Using the following step order:
1. initial
2. quality


Filtering to high-quality reads...
Created table: trebl_experiment_pool_C_umi_RPTR_1_30_S5_R1_001_fastp_RPTR_BC_quality — filtered for TRUE in all *_qual columns.
Done in 1.05 minutes.

Done.
Saved loss summary table as 'trebl_experiment_pool_C_umi_RPTR_1_30_S5_R1_001_fastp_RPTR_BC_loss_summary'
Done in 4.80 seconds.

Starting simple deduplication.
Finished simple deduplication.

Starting UMI Tools directional deduplication.
Exported TSV for count_tab to ../../../output/GCN4_pipeline/trebl_experiment_pool_C_umi_/trebl_experiment_pool_C_umi_RPTR_1_30_S5_R1_001_fastp/RPTR_1_30_S5_R1_001_fastp_umi_count_input.tsv
# UMI-tools version: 1.1.6
# output generated by count_tab --stdin ../../../output/GCN4_pipeline/trebl_experiment_pool_C_umi_/trebl_experiment_pool_C_umi_RPTR_1_30_S5_R1_001_fastp/RPTR_1_30_S5_R1_001_fastp_umi_count_input.tsv --stdout ../../../output/GCN4_pipeline/trebl_experiment_pool_C_umi_/trebl_experiment_pool_C_umi_RPTR_1_30_S5_R1_001_fastp/RPTR_1_30_S5_R1_001_fastp_directional_umi_counts.tsv
# job started at Wed Mar 11 13:02:24 2026 on n0151.savio2 -- 42045928-578c-4338-b87e-094992081a5f
# pid: 832931, system: Linux 4.18.0-553.34.1.el8_10.x86_64 #1 SMP Wed Jan 8 14:44:18 UTC 2025 x86_64
# bc_sep                                  : _
# compresslevel                           : 6
# log2stderr                              : False
# loglevel                                : 1
# method                                  : directional
# per_cell                                : None
# random_seed                             : None
# read_length                             : False
# short_help                              : None
# soft_clip_threshold                     : 4
# spliced                                 : False
# stderr                                  : <_io.TextIOWrapper name='<stderr>' mode='w' encoding='utf-8'>
# stdin                                   : <_io.TextIOWrapper name='../../../output/GCN4_pipeline/trebl_experiment_pool_C_umi_/trebl_experiment_pool_C_umi_RPTR_1_30_S5_R1_001_fastp/RPTR_1_30_S5_R1_001_fastp_umi_count_input.tsv' mode='r' encoding='UTF-8'>
# stdlog                                  : <_io.TextIOWrapper name='<stdout>' mode='w' encoding='utf-8'>
# stdout                                  : <_io.TextIOWrapper name='../../../output/GCN4_pipeline/trebl_experiment_pool_C_umi_/trebl_experiment_pool_C_umi_RPTR_1_30_S5_R1_001_fastp/RPTR_1_30_S5_R1_001_fastp_directional_umi_counts.tsv' mode='w' encoding='UTF-8'>
# threshold                               : 1
# timeit_file                             : None
# timeit_header                           : None
# timeit_name                             : all
# tmpdir                                  : None
2026-03-11 14:14:12,101 INFO Number of reads counted: 22673324
# job finished in 4307 seconds at Wed Mar 11 14:14:12 2026 -- 4175.18 65.46  0.00  0.00 -- 42045928-578c-4338-b87e-094992081a5f
Count_tab output saved to ../../../output/GCN4_pipeline/trebl_experiment_pool_C_umi_/trebl_experiment_pool_C_umi_RPTR_1_30_S5_R1_001_fastp/RPTR_1_30_S5_R1_001_fastp_directional_umi_counts.tsv
Deleted intermediate file ../../../output/GCN4_pipeline/trebl_experiment_pool_C_umi_/trebl_experiment_pool_C_umi_RPTR_1_30_S5_R1_001_fastp/RPTR_1_30_S5_R1_001_fastp_umi_count_input.tsv
Finished UMI Tools directional deduplication.

Saved to ../../../output/GCN4_pipeline/trebl_experiment_pool_C_umi_/trebl_experiment_pool_C_umi_RPTR_1_30_S5_R1_001_fastp/RPTR_1_30_S5_R1_001_fastp_simple_umi_counts.tsv
Saved to ../../../output/GCN4_pipeline/trebl_experiment_pool_C_umi_/trebl_experiment_pool_C_umi_RPTR_1_30_S5_R1_001_fastp/RPTR_1_30_S5_R1_001_fastp_reads_per_umi.tsv
Done in 1.11 minutes.

Reading 1 FASTQ/TXT file(s)...
Done in 18.05 minutes.

Reverse complement of sequences...
Done in 3.15 minutes.

Extracting 1 barcodes...
False
CTCGAG

RPTR_BC: extracting 14 bases after preceder 'CTCGAG'
Done in 1.39 minutes.

Extracting UMI...
True
TGTCAC

UMI: extracting 12bp UMI after flank 'TGTCAC' near end of read
Done in 1.17 minutes.

Done in 1.15 minutes.

Mapping complete.
Base prefix (stable across descriptors): trebl_experiment_pool_C_umi_RPTR_2_240_S14_R1_001_fastp_RPTR_BC_
Full prefix for this instance: trebl_experiment_pool_C_umi_RPTR_2_240_S14_R1_001_fastp_RPTR_BC_

Using the following step order:
1. initial
2. quality


Filtering to high-quality reads...
Created table: trebl_experiment_pool_C_umi_RPTR_2_240_S14_R1_001_fastp_RPTR_BC_quality — filtered for TRUE in all *_qual columns.
Done in 1.20 minutes.

Done.
Saved loss summary table as 'trebl_experiment_pool_C_umi_RPTR_2_240_S14_R1_001_fastp_RPTR_BC_loss_summary'
Done in 5.19 seconds.

Starting simple deduplication.
Finished simple deduplication.

Starting UMI Tools directional deduplication.
Exported TSV for count_tab to ../../../output/GCN4_pipeline/trebl_experiment_pool_C_umi_/trebl_experiment_pool_C_umi_RPTR_2_240_S14_R1_001_fastp/RPTR_2_240_S14_R1_001_fastp_umi_count_input.tsv
# UMI-tools version: 1.1.6
# output generated by count_tab --stdin ../../../output/GCN4_pipeline/trebl_experiment_pool_C_umi_/trebl_experiment_pool_C_umi_RPTR_2_240_S14_R1_001_fastp/RPTR_2_240_S14_R1_001_fastp_umi_count_input.tsv --stdout ../../../output/GCN4_pipeline/trebl_experiment_pool_C_umi_/trebl_experiment_pool_C_umi_RPTR_2_240_S14_R1_001_fastp/RPTR_2_240_S14_R1_001_fastp_directional_umi_counts.tsv
# job started at Wed Mar 11 14:56:50 2026 on n0151.savio2 -- 124f45e3-9ac8-4795-8d6a-f606afc2ccf2
# pid: 4168104, system: Linux 4.18.0-553.34.1.el8_10.x86_64 #1 SMP Wed Jan 8 14:44:18 UTC 2025 x86_64
# bc_sep                                  : _
# compresslevel                           : 6
# log2stderr                              : False
# loglevel                                : 1
# method                                  : directional
# per_cell                                : None
# random_seed                             : None
# read_length                             : False
# short_help                              : None
# soft_clip_threshold                     : 4
# spliced                                 : False
# stderr                                  : <_io.TextIOWrapper name='<stderr>' mode='w' encoding='utf-8'>
# stdin                                   : <_io.TextIOWrapper name='../../../output/GCN4_pipeline/trebl_experiment_pool_C_umi_/trebl_experiment_pool_C_umi_RPTR_2_240_S14_R1_001_fastp/RPTR_2_240_S14_R1_001_fastp_umi_count_input.tsv' mode='r' encoding='UTF-8'>
# stdlog                                  : <_io.TextIOWrapper name='<stdout>' mode='w' encoding='utf-8'>
# stdout                                  : <_io.TextIOWrapper name='../../../output/GCN4_pipeline/trebl_experiment_pool_C_umi_/trebl_experiment_pool_C_umi_RPTR_2_240_S14_R1_001_fastp/RPTR_2_240_S14_R1_001_fastp_directional_umi_counts.tsv' mode='w' encoding='UTF-8'>
# threshold                               : 1
# timeit_file                             : None
# timeit_header                           : None
# timeit_name                             : all
# tmpdir                                  : None
2026-03-11 15:40:40,295 INFO Number of reads counted: 26711338
# job finished in 2629 seconds at Wed Mar 11 15:40:40 2026 -- 2614.59  8.82  0.00  0.00 -- 124f45e3-9ac8-4795-8d6a-f606afc2ccf2
Count_tab output saved to ../../../output/GCN4_pipeline/trebl_experiment_pool_C_umi_/trebl_experiment_pool_C_umi_RPTR_2_240_S14_R1_001_fastp/RPTR_2_240_S14_R1_001_fastp_directional_umi_counts.tsv
Deleted intermediate file ../../../output/GCN4_pipeline/trebl_experiment_pool_C_umi_/trebl_experiment_pool_C_umi_RPTR_2_240_S14_R1_001_fastp/RPTR_2_240_S14_R1_001_fastp_umi_count_input.tsv
Finished UMI Tools directional deduplication.

Saved to ../../../output/GCN4_pipeline/trebl_experiment_pool_C_umi_/trebl_experiment_pool_C_umi_RPTR_2_240_S14_R1_001_fastp/RPTR_2_240_S14_R1_001_fastp_simple_umi_counts.tsv
Saved to ../../../output/GCN4_pipeline/trebl_experiment_pool_C_umi_/trebl_experiment_pool_C_umi_RPTR_2_240_S14_R1_001_fastp/RPTR_2_240_S14_R1_001_fastp_reads_per_umi.tsv
Done in 1.23 minutes.

Reading 1 FASTQ/TXT file(s)...
Done in 22.31 minutes.

Reverse complement of sequences...
Done in 3.29 minutes.

Extracting 1 barcodes...
False
CTCGAG

RPTR_BC: extracting 14 bases after preceder 'CTCGAG'
Done in 1.46 minutes.

Extracting UMI...
True
TGTCAC

UMI: extracting 12bp UMI after flank 'TGTCAC' near end of read
Done in 1.37 minutes.

Done in 1.51 minutes.

Mapping complete.
Base prefix (stable across descriptors): trebl_experiment_pool_C_umi_RPTR_3_15_S18_R1_001_fastp_RPTR_BC_
Full prefix for this instance: trebl_experiment_pool_C_umi_RPTR_3_15_S18_R1_001_fastp_RPTR_BC_

Using the following step order:
1. initial
2. quality


Filtering to high-quality reads...
Created table: trebl_experiment_pool_C_umi_RPTR_3_15_S18_R1_001_fastp_RPTR_BC_quality — filtered for TRUE in all *_qual columns.
Done in 1.56 minutes.

Done.
Saved loss summary table as 'trebl_experiment_pool_C_umi_RPTR_3_15_S18_R1_001_fastp_RPTR_BC_loss_summary'
Done in 4.40 seconds.

Starting simple deduplication.
Finished simple deduplication.

Starting UMI Tools directional deduplication.
Exported TSV for count_tab to ../../../output/GCN4_pipeline/trebl_experiment_pool_C_umi_/trebl_experiment_pool_C_umi_RPTR_3_15_S18_R1_001_fastp/RPTR_3_15_S18_R1_001_fastp_umi_count_input.tsv
# UMI-tools version: 1.1.6
# output generated by count_tab --stdin ../../../output/GCN4_pipeline/trebl_experiment_pool_C_umi_/trebl_experiment_pool_C_umi_RPTR_3_15_S18_R1_001_fastp/RPTR_3_15_S18_R1_001_fastp_umi_count_input.tsv --stdout ../../../output/GCN4_pipeline/trebl_experiment_pool_C_umi_/trebl_experiment_pool_C_umi_RPTR_3_15_S18_R1_001_fastp/RPTR_3_15_S18_R1_001_fastp_directional_umi_counts.tsv
# job started at Wed Mar 11 16:21:37 2026 on n0151.savio2 -- 5e08f3f0-7e75-4906-b840-22d0c81dee9b
# pid: 2382087, system: Linux 4.18.0-553.34.1.el8_10.x86_64 #1 SMP Wed Jan 8 14:44:18 UTC 2025 x86_64
# bc_sep                                  : _
# compresslevel                           : 6
# log2stderr                              : False
# loglevel                                : 1
# method                                  : directional
# per_cell                                : None
# random_seed                             : None
# read_length                             : False
# short_help                              : None
# soft_clip_threshold                     : 4
# spliced                                 : False
# stderr                                  : <_io.TextIOWrapper name='<stderr>' mode='w' encoding='utf-8'>
# stdin                                   : <_io.TextIOWrapper name='../../../output/GCN4_pipeline/trebl_experiment_pool_C_umi_/trebl_experiment_pool_C_umi_RPTR_3_15_S18_R1_001_fastp/RPTR_3_15_S18_R1_001_fastp_umi_count_input.tsv' mode='r' encoding='UTF-8'>
# stdlog                                  : <_io.TextIOWrapper name='<stdout>' mode='w' encoding='utf-8'>
# stdout                                  : <_io.TextIOWrapper name='../../../output/GCN4_pipeline/trebl_experiment_pool_C_umi_/trebl_experiment_pool_C_umi_RPTR_3_15_S18_R1_001_fastp/RPTR_3_15_S18_R1_001_fastp_directional_umi_counts.tsv' mode='w' encoding='UTF-8'>
# threshold                               : 1
# timeit_file                             : None
# timeit_header                           : None
# timeit_name                             : all
# tmpdir                                  : None
2026-03-11 16:51:31,556 INFO Number of reads counted: 15830697
# job finished in 1793 seconds at Wed Mar 11 16:51:31 2026 -- 1767.92  8.79  0.00  0.00 -- 5e08f3f0-7e75-4906-b840-22d0c81dee9b
Count_tab output saved to ../../../output/GCN4_pipeline/trebl_experiment_pool_C_umi_/trebl_experiment_pool_C_umi_RPTR_3_15_S18_R1_001_fastp/RPTR_3_15_S18_R1_001_fastp_directional_umi_counts.tsv
Deleted intermediate file ../../../output/GCN4_pipeline/trebl_experiment_pool_C_umi_/trebl_experiment_pool_C_umi_RPTR_3_15_S18_R1_001_fastp/RPTR_3_15_S18_R1_001_fastp_umi_count_input.tsv
Finished UMI Tools directional deduplication.

Saved to ../../../output/GCN4_pipeline/trebl_experiment_pool_C_umi_/trebl_experiment_pool_C_umi_RPTR_3_15_S18_R1_001_fastp/RPTR_3_15_S18_R1_001_fastp_simple_umi_counts.tsv
Saved to ../../../output/GCN4_pipeline/trebl_experiment_pool_C_umi_/trebl_experiment_pool_C_umi_RPTR_3_15_S18_R1_001_fastp/RPTR_3_15_S18_R1_001_fastp_reads_per_umi.tsv
Done in 57.80 seconds.

Reading 1 FASTQ/TXT file(s)...
Done in 17.10 minutes.

Reverse complement of sequences...
Done in 2.66 minutes.

Extracting 1 barcodes...
False
CTCGAG

RPTR_BC: extracting 14 bases after preceder 'CTCGAG'
Done in 1.24 minutes.

Extracting UMI...
True
TGTCAC

UMI: extracting 12bp UMI after flank 'TGTCAC' near end of read
Done in 1.17 minutes.

Done in 1.29 minutes.

Mapping complete.
Base prefix (stable across descriptors): trebl_experiment_pool_C_umi_RPTR_3_180_S20_R1_001_fastp_RPTR_BC_
Full prefix for this instance: trebl_experiment_pool_C_umi_RPTR_3_180_S20_R1_001_fastp_RPTR_BC_

Using the following step order:
1. initial
2. quality


Filtering to high-quality reads...
Created table: trebl_experiment_pool_C_umi_RPTR_3_180_S20_R1_001_fastp_RPTR_BC_quality — filtered for TRUE in all *_qual columns.
Done in 1.92 minutes.

Done.
Saved loss summary table as 'trebl_experiment_pool_C_umi_RPTR_3_180_S20_R1_001_fastp_RPTR_BC_loss_summary'
Done in 1.81 seconds.

Starting simple deduplication.
Finished simple deduplication.

Starting UMI Tools directional deduplication.
Exported TSV for count_tab to ../../../output/GCN4_pipeline/trebl_experiment_pool_C_umi_/trebl_experiment_pool_C_umi_RPTR_3_180_S20_R1_001_fastp/RPTR_3_180_S20_R1_001_fastp_umi_count_input.tsv
# UMI-tools version: 1.1.6
# output generated by count_tab --stdin ../../../output/GCN4_pipeline/trebl_experiment_pool_C_umi_/trebl_experiment_pool_C_umi_RPTR_3_180_S20_R1_001_fastp/RPTR_3_180_S20_R1_001_fastp_umi_count_input.tsv --stdout ../../../output/GCN4_pipeline/trebl_experiment_pool_C_umi_/trebl_experiment_pool_C_umi_RPTR_3_180_S20_R1_001_fastp/RPTR_3_180_S20_R1_001_fastp_directional_umi_counts.tsv
# job started at Wed Mar 11 17:25:29 2026 on n0151.savio2 -- 0a4009ea-5e8b-4607-a07c-7414171a4cfc
# pid: 2561773, system: Linux 4.18.0-553.34.1.el8_10.x86_64 #1 SMP Wed Jan 8 14:44:18 UTC 2025 x86_64
# bc_sep                                  : _
# compresslevel                           : 6
# log2stderr                              : False
# loglevel                                : 1
# method                                  : directional
# per_cell                                : None
# random_seed                             : None
# read_length                             : False
# short_help                              : None
# soft_clip_threshold                     : 4
# spliced                                 : False
# stderr                                  : <_io.TextIOWrapper name='<stderr>' mode='w' encoding='utf-8'>
# stdin                                   : <_io.TextIOWrapper name='../../../output/GCN4_pipeline/trebl_experiment_pool_C_umi_/trebl_experiment_pool_C_umi_RPTR_3_180_S20_R1_001_fastp/RPTR_3_180_S20_R1_001_fastp_umi_count_input.tsv' mode='r' encoding='UTF-8'>
# stdlog                                  : <_io.TextIOWrapper name='<stdout>' mode='w' encoding='utf-8'>
# stdout                                  : <_io.TextIOWrapper name='../../../output/GCN4_pipeline/trebl_experiment_pool_C_umi_/trebl_experiment_pool_C_umi_RPTR_3_180_S20_R1_001_fastp/RPTR_3_180_S20_R1_001_fastp_directional_umi_counts.tsv' mode='w' encoding='UTF-8'>
# threshold                               : 1
# timeit_file                             : None
# timeit_header                           : None
# timeit_name                             : all
# tmpdir                                  : None
2026-03-11 18:14:21,690 INFO Number of reads counted: 27497081
# job finished in 2932 seconds at Wed Mar 11 18:14:21 2026 -- 2919.37  7.62  0.00  0.00 -- 0a4009ea-5e8b-4607-a07c-7414171a4cfc
Count_tab output saved to ../../../output/GCN4_pipeline/trebl_experiment_pool_C_umi_/trebl_experiment_pool_C_umi_RPTR_3_180_S20_R1_001_fastp/RPTR_3_180_S20_R1_001_fastp_directional_umi_counts.tsv
Deleted intermediate file ../../../output/GCN4_pipeline/trebl_experiment_pool_C_umi_/trebl_experiment_pool_C_umi_RPTR_3_180_S20_R1_001_fastp/RPTR_3_180_S20_R1_001_fastp_umi_count_input.tsv
Finished UMI Tools directional deduplication.

Saved to ../../../output/GCN4_pipeline/trebl_experiment_pool_C_umi_/trebl_experiment_pool_C_umi_RPTR_3_180_S20_R1_001_fastp/RPTR_3_180_S20_R1_001_fastp_simple_umi_counts.tsv
Saved to ../../../output/GCN4_pipeline/trebl_experiment_pool_C_umi_/trebl_experiment_pool_C_umi_RPTR_3_180_S20_R1_001_fastp/RPTR_3_180_S20_R1_001_fastp_reads_per_umi.tsv
Done in 1.26 minutes.

Reading 1 FASTQ/TXT file(s)...
Done in 23.47 minutes.

Reverse complement of sequences...
Done in 3.56 minutes.

Extracting 1 barcodes...
False
CTCGAG

RPTR_BC: extracting 14 bases after preceder 'CTCGAG'
Done in 2.00 minutes.

Extracting UMI...
True
TGTCAC

UMI: extracting 12bp UMI after flank 'TGTCAC' near end of read
Done in 1.92 minutes.

Done in 2.13 minutes.

Mapping complete.
Base prefix (stable across descriptors): trebl_experiment_pool_C_umi_RPTR_1_180_S6_R1_001_fastp_RPTR_BC_
Full prefix for this instance: trebl_experiment_pool_C_umi_RPTR_1_180_S6_R1_001_fastp_RPTR_BC_

Using the following step order:
1. initial
2. quality


Filtering to high-quality reads...
Created table: trebl_experiment_pool_C_umi_RPTR_1_180_S6_R1_001_fastp_RPTR_BC_quality — filtered for TRUE in all *_qual columns.
Done in 1.07 minutes.

Done.
Saved loss summary table as 'trebl_experiment_pool_C_umi_RPTR_1_180_S6_R1_001_fastp_RPTR_BC_loss_summary'
Done in 5.62 seconds.

Starting simple deduplication.
Finished simple deduplication.

Starting UMI Tools directional deduplication.
Exported TSV for count_tab to ../../../output/GCN4_pipeline/trebl_experiment_pool_C_umi_/trebl_experiment_pool_C_umi_RPTR_1_180_S6_R1_001_fastp/RPTR_1_180_S6_R1_001_fastp_umi_count_input.tsv
# UMI-tools version: 1.1.6
# output generated by count_tab --stdin ../../../output/GCN4_pipeline/trebl_experiment_pool_C_umi_/trebl_experiment_pool_C_umi_RPTR_1_180_S6_R1_001_fastp/RPTR_1_180_S6_R1_001_fastp_umi_count_input.tsv --stdout ../../../output/GCN4_pipeline/trebl_experiment_pool_C_umi_/trebl_experiment_pool_C_umi_RPTR_1_180_S6_R1_001_fastp/RPTR_1_180_S6_R1_001_fastp_directional_umi_counts.tsv
# job started at Wed Mar 11 18:55:39 2026 on n0151.savio2 -- 8b495c41-11ce-4c59-acc3-76d8cb1b5b84
# pid: 714033, system: Linux 4.18.0-553.34.1.el8_10.x86_64 #1 SMP Wed Jan 8 14:44:18 UTC 2025 x86_64
# bc_sep                                  : _
# compresslevel                           : 6
# log2stderr                              : False
# loglevel                                : 1
# method                                  : directional
# per_cell                                : None
# random_seed                             : None
# read_length                             : False
# short_help                              : None
# soft_clip_threshold                     : 4
# spliced                                 : False
# stderr                                  : <_io.TextIOWrapper name='<stderr>' mode='w' encoding='utf-8'>
# stdin                                   : <_io.TextIOWrapper name='../../../output/GCN4_pipeline/trebl_experiment_pool_C_umi_/trebl_experiment_pool_C_umi_RPTR_1_180_S6_R1_001_fastp/RPTR_1_180_S6_R1_001_fastp_umi_count_input.tsv' mode='r' encoding='UTF-8'>
# stdlog                                  : <_io.TextIOWrapper name='<stdout>' mode='w' encoding='utf-8'>
# stdout                                  : <_io.TextIOWrapper name='../../../output/GCN4_pipeline/trebl_experiment_pool_C_umi_/trebl_experiment_pool_C_umi_RPTR_1_180_S6_R1_001_fastp/RPTR_1_180_S6_R1_001_fastp_directional_umi_counts.tsv' mode='w' encoding='UTF-8'>
# threshold                               : 1
# timeit_file                             : None
# timeit_header                           : None
# timeit_name                             : all
# tmpdir                                  : None
2026-03-11 19:53:47,384 INFO Number of reads counted: 29523055
# job finished in 3488 seconds at Wed Mar 11 19:53:47 2026 -- 3467.41  9.98  0.00  0.00 -- 8b495c41-11ce-4c59-acc3-76d8cb1b5b84
Count_tab output saved to ../../../output/GCN4_pipeline/trebl_experiment_pool_C_umi_/trebl_experiment_pool_C_umi_RPTR_1_180_S6_R1_001_fastp/RPTR_1_180_S6_R1_001_fastp_directional_umi_counts.tsv
Deleted intermediate file ../../../output/GCN4_pipeline/trebl_experiment_pool_C_umi_/trebl_experiment_pool_C_umi_RPTR_1_180_S6_R1_001_fastp/RPTR_1_180_S6_R1_001_fastp_umi_count_input.tsv
Finished UMI Tools directional deduplication.

Saved to ../../../output/GCN4_pipeline/trebl_experiment_pool_C_umi_/trebl_experiment_pool_C_umi_RPTR_1_180_S6_R1_001_fastp/RPTR_1_180_S6_R1_001_fastp_simple_umi_counts.tsv
Saved to ../../../output/GCN4_pipeline/trebl_experiment_pool_C_umi_/trebl_experiment_pool_C_umi_RPTR_1_180_S6_R1_001_fastp/RPTR_1_180_S6_R1_001_fastp_reads_per_umi.tsv
Done in 1.49 minutes.

Reading 1 FASTQ/TXT file(s)...
Done in 8.32 minutes.

Reverse complement of sequences...
Done in 1.51 minutes.

Extracting 1 barcodes...
False
CTCGAG

RPTR_BC: extracting 14 bases after preceder 'CTCGAG'
Done in 54.05 seconds.

Extracting UMI...
True
TGTCAC

UMI: extracting 12bp UMI after flank 'TGTCAC' near end of read
Done in 49.80 seconds.

Done in 50.75 seconds.

Mapping complete.
Base prefix (stable across descriptors): trebl_experiment_pool_C_umi_RPTR_1_0_S1_R1_001_fastp_RPTR_BC_
Full prefix for this instance: trebl_experiment_pool_C_umi_RPTR_1_0_S1_R1_001_fastp_RPTR_BC_

Using the following step order:
1. initial
2. quality


Filtering to high-quality reads...
Created table: trebl_experiment_pool_C_umi_RPTR_1_0_S1_R1_001_fastp_RPTR_BC_quality — filtered for TRUE in all *_qual columns.
Done in 50.87 seconds.

Done.
Saved loss summary table as 'trebl_experiment_pool_C_umi_RPTR_1_0_S1_R1_001_fastp_RPTR_BC_loss_summary'
Done in 2.17 seconds.

Starting simple deduplication.
Finished simple deduplication.

Starting UMI Tools directional deduplication.
Exported TSV for count_tab to ../../../output/GCN4_pipeline/trebl_experiment_pool_C_umi_/trebl_experiment_pool_C_umi_RPTR_1_0_S1_R1_001_fastp/RPTR_1_0_S1_R1_001_fastp_umi_count_input.tsv
# UMI-tools version: 1.1.6
# output generated by count_tab --stdin ../../../output/GCN4_pipeline/trebl_experiment_pool_C_umi_/trebl_experiment_pool_C_umi_RPTR_1_0_S1_R1_001_fastp/RPTR_1_0_S1_R1_001_fastp_umi_count_input.tsv --stdout ../../../output/GCN4_pipeline/trebl_experiment_pool_C_umi_/trebl_experiment_pool_C_umi_RPTR_1_0_S1_R1_001_fastp/RPTR_1_0_S1_R1_001_fastp_directional_umi_counts.tsv
# job started at Wed Mar 11 20:13:42 2026 on n0151.savio2 -- 69f93645-bee5-4e6a-b185-0fbe206c28fc
# pid: 2386764, system: Linux 4.18.0-553.34.1.el8_10.x86_64 #1 SMP Wed Jan 8 14:44:18 UTC 2025 x86_64
# bc_sep                                  : _
# compresslevel                           : 6
# log2stderr                              : False
# loglevel                                : 1
# method                                  : directional
# per_cell                                : None
# random_seed                             : None
# read_length                             : False
# short_help                              : None
# soft_clip_threshold                     : 4
# spliced                                 : False
# stderr                                  : <_io.TextIOWrapper name='<stderr>' mode='w' encoding='utf-8'>
# stdin                                   : <_io.TextIOWrapper name='../../../output/GCN4_pipeline/trebl_experiment_pool_C_umi_/trebl_experiment_pool_C_umi_RPTR_1_0_S1_R1_001_fastp/RPTR_1_0_S1_R1_001_fastp_umi_count_input.tsv' mode='r' encoding='UTF-8'>
# stdlog                                  : <_io.TextIOWrapper name='<stdout>' mode='w' encoding='utf-8'>
# stdout                                  : <_io.TextIOWrapper name='../../../output/GCN4_pipeline/trebl_experiment_pool_C_umi_/trebl_experiment_pool_C_umi_RPTR_1_0_S1_R1_001_fastp/RPTR_1_0_S1_R1_001_fastp_directional_umi_counts.tsv' mode='w' encoding='UTF-8'>
# threshold                               : 1
# timeit_file                             : None
# timeit_header                           : None
# timeit_name                             : all
# tmpdir                                  : None
2026-03-11 20:17:05,493 INFO Number of reads counted: 3178872
# job finished in 203 seconds at Wed Mar 11 20:17:05 2026 -- 205.53  3.40  0.00  0.00 -- 69f93645-bee5-4e6a-b185-0fbe206c28fc
Count_tab output saved to ../../../output/GCN4_pipeline/trebl_experiment_pool_C_umi_/trebl_experiment_pool_C_umi_RPTR_1_0_S1_R1_001_fastp/RPTR_1_0_S1_R1_001_fastp_directional_umi_counts.tsv
Deleted intermediate file ../../../output/GCN4_pipeline/trebl_experiment_pool_C_umi_/trebl_experiment_pool_C_umi_RPTR_1_0_S1_R1_001_fastp/RPTR_1_0_S1_R1_001_fastp_umi_count_input.tsv
Finished UMI Tools directional deduplication.

Saved to ../../../output/GCN4_pipeline/trebl_experiment_pool_C_umi_/trebl_experiment_pool_C_umi_RPTR_1_0_S1_R1_001_fastp/RPTR_1_0_S1_R1_001_fastp_simple_umi_counts.tsv
Saved to ../../../output/GCN4_pipeline/trebl_experiment_pool_C_umi_/trebl_experiment_pool_C_umi_RPTR_1_0_S1_R1_001_fastp/RPTR_1_0_S1_R1_001_fastp_reads_per_umi.tsv
Done in 12.86 seconds.

Reading 1 FASTQ/TXT file(s)...
Done in 11.12 minutes.

Reverse complement of sequences...
Done in 1.77 minutes.

Extracting 1 barcodes...
False
CTCGAG

RPTR_BC: extracting 14 bases after preceder 'CTCGAG'
Done in 1.02 minutes.

Extracting UMI...
True
TGTCAC

UMI: extracting 12bp UMI after flank 'TGTCAC' near end of read
Done in 53.89 seconds.

Done in 48.15 seconds.

Mapping complete.
Base prefix (stable across descriptors): trebl_experiment_pool_C_umi_RPTR_2_0_S8_R1_001_fastp_RPTR_BC_
Full prefix for this instance: trebl_experiment_pool_C_umi_RPTR_2_0_S8_R1_001_fastp_RPTR_BC_

Using the following step order:
1. initial
2. quality


Filtering to high-quality reads...
Created table: trebl_experiment_pool_C_umi_RPTR_2_0_S8_R1_001_fastp_RPTR_BC_quality — filtered for TRUE in all *_qual columns.
Done in 1.23 minutes.

Done.
Saved loss summary table as 'trebl_experiment_pool_C_umi_RPTR_2_0_S8_R1_001_fastp_RPTR_BC_loss_summary'
Done in 0.23 seconds.

Starting simple deduplication.
Finished simple deduplication.

Starting UMI Tools directional deduplication.
Exported TSV for count_tab to ../../../output/GCN4_pipeline/trebl_experiment_pool_C_umi_/trebl_experiment_pool_C_umi_RPTR_2_0_S8_R1_001_fastp/RPTR_2_0_S8_R1_001_fastp_umi_count_input.tsv
# UMI-tools version: 1.1.6
# output generated by count_tab --stdin ../../../output/GCN4_pipeline/trebl_experiment_pool_C_umi_/trebl_experiment_pool_C_umi_RPTR_2_0_S8_R1_001_fastp/RPTR_2_0_S8_R1_001_fastp_umi_count_input.tsv --stdout ../../../output/GCN4_pipeline/trebl_experiment_pool_C_umi_/trebl_experiment_pool_C_umi_RPTR_2_0_S8_R1_001_fastp/RPTR_2_0_S8_R1_001_fastp_directional_umi_counts.tsv
# job started at Wed Mar 11 20:36:17 2026 on n0151.savio2 -- 5485da18-a780-4aa3-8501-4acaf1205db8
# pid: 4059365, system: Linux 4.18.0-553.34.1.el8_10.x86_64 #1 SMP Wed Jan 8 14:44:18 UTC 2025 x86_64
# bc_sep                                  : _
# compresslevel                           : 6
# log2stderr                              : False
# loglevel                                : 1
# method                                  : directional
# per_cell                                : None
# random_seed                             : None
# read_length                             : False
# short_help                              : None
# soft_clip_threshold                     : 4
# spliced                                 : False
# stderr                                  : <_io.TextIOWrapper name='<stderr>' mode='w' encoding='utf-8'>
# stdin                                   : <_io.TextIOWrapper name='../../../output/GCN4_pipeline/trebl_experiment_pool_C_umi_/trebl_experiment_pool_C_umi_RPTR_2_0_S8_R1_001_fastp/RPTR_2_0_S8_R1_001_fastp_umi_count_input.tsv' mode='r' encoding='UTF-8'>
# stdlog                                  : <_io.TextIOWrapper name='<stdout>' mode='w' encoding='utf-8'>
# stdout                                  : <_io.TextIOWrapper name='../../../output/GCN4_pipeline/trebl_experiment_pool_C_umi_/trebl_experiment_pool_C_umi_RPTR_2_0_S8_R1_001_fastp/RPTR_2_0_S8_R1_001_fastp_directional_umi_counts.tsv' mode='w' encoding='UTF-8'>
# threshold                               : 1
# timeit_file                             : None
# timeit_header                           : None
# timeit_name                             : all
# tmpdir                                  : None
2026-03-11 20:41:04,048 INFO Number of reads counted: 3481986
# job finished in 286 seconds at Wed Mar 11 20:41:04 2026 -- 279.99  7.41  0.00  0.00 -- 5485da18-a780-4aa3-8501-4acaf1205db8
Count_tab output saved to ../../../output/GCN4_pipeline/trebl_experiment_pool_C_umi_/trebl_experiment_pool_C_umi_RPTR_2_0_S8_R1_001_fastp/RPTR_2_0_S8_R1_001_fastp_directional_umi_counts.tsv
Deleted intermediate file ../../../output/GCN4_pipeline/trebl_experiment_pool_C_umi_/trebl_experiment_pool_C_umi_RPTR_2_0_S8_R1_001_fastp/RPTR_2_0_S8_R1_001_fastp_umi_count_input.tsv
Finished UMI Tools directional deduplication.

Saved to ../../../output/GCN4_pipeline/trebl_experiment_pool_C_umi_/trebl_experiment_pool_C_umi_RPTR_2_0_S8_R1_001_fastp/RPTR_2_0_S8_R1_001_fastp_simple_umi_counts.tsv
Saved to ../../../output/GCN4_pipeline/trebl_experiment_pool_C_umi_/trebl_experiment_pool_C_umi_RPTR_2_0_S8_R1_001_fastp/RPTR_2_0_S8_R1_001_fastp_reads_per_umi.tsv
Done in 11.36 seconds.

Reading 1 FASTQ/TXT file(s)...
Done in 18.71 minutes.

Reverse complement of sequences...
Done in 3.59 minutes.

Extracting 1 barcodes...
False
CTCGAG

RPTR_BC: extracting 14 bases after preceder 'CTCGAG'
Done in 1.49 minutes.

Extracting UMI...
True
TGTCAC

UMI: extracting 12bp UMI after flank 'TGTCAC' near end of read
Done in 1.35 minutes.

Done in 1.29 minutes.

Mapping complete.
Base prefix (stable across descriptors): trebl_experiment_pool_C_umi_RPTR_1_240_S7_R1_001_fastp_RPTR_BC_
Full prefix for this instance: trebl_experiment_pool_C_umi_RPTR_1_240_S7_R1_001_fastp_RPTR_BC_

Using the following step order:
1. initial
2. quality


Filtering to high-quality reads...
Created table: trebl_experiment_pool_C_umi_RPTR_1_240_S7_R1_001_fastp_RPTR_BC_quality — filtered for TRUE in all *_qual columns.
Done in 1.80 minutes.

Done.
Saved loss summary table as 'trebl_experiment_pool_C_umi_RPTR_1_240_S7_R1_001_fastp_RPTR_BC_loss_summary'
Done in 4.28 seconds.

Starting simple deduplication.
Finished simple deduplication.

Starting UMI Tools directional deduplication.
Exported TSV for count_tab to ../../../output/GCN4_pipeline/trebl_experiment_pool_C_umi_/trebl_experiment_pool_C_umi_RPTR_1_240_S7_R1_001_fastp/RPTR_1_240_S7_R1_001_fastp_umi_count_input.tsv
# UMI-tools version: 1.1.6
# output generated by count_tab --stdin ../../../output/GCN4_pipeline/trebl_experiment_pool_C_umi_/trebl_experiment_pool_C_umi_RPTR_1_240_S7_R1_001_fastp/RPTR_1_240_S7_R1_001_fastp_umi_count_input.tsv --stdout ../../../output/GCN4_pipeline/trebl_experiment_pool_C_umi_/trebl_experiment_pool_C_umi_RPTR_1_240_S7_R1_001_fastp/RPTR_1_240_S7_R1_001_fastp_directional_umi_counts.tsv
# job started at Wed Mar 11 21:13:08 2026 on n0151.savio2 -- 0d31917a-ce79-413a-abb9-20c3aa53e6ae
# pid: 2522990, system: Linux 4.18.0-553.34.1.el8_10.x86_64 #1 SMP Wed Jan 8 14:44:18 UTC 2025 x86_64
# bc_sep                                  : _
# compresslevel                           : 6
# log2stderr                              : False
# loglevel                                : 1
# method                                  : directional
# per_cell                                : None
# random_seed                             : None
# read_length                             : False
# short_help                              : None
# soft_clip_threshold                     : 4
# spliced                                 : False
# stderr                                  : <_io.TextIOWrapper name='<stderr>' mode='w' encoding='utf-8'>
# stdin                                   : <_io.TextIOWrapper name='../../../output/GCN4_pipeline/trebl_experiment_pool_C_umi_/trebl_experiment_pool_C_umi_RPTR_1_240_S7_R1_001_fastp/RPTR_1_240_S7_R1_001_fastp_umi_count_input.tsv' mode='r' encoding='UTF-8'>
# stdlog                                  : <_io.TextIOWrapper name='<stdout>' mode='w' encoding='utf-8'>
# stdout                                  : <_io.TextIOWrapper name='../../../output/GCN4_pipeline/trebl_experiment_pool_C_umi_/trebl_experiment_pool_C_umi_RPTR_1_240_S7_R1_001_fastp/RPTR_1_240_S7_R1_001_fastp_directional_umi_counts.tsv' mode='w' encoding='UTF-8'>
# threshold                               : 1
# timeit_file                             : None
# timeit_header                           : None
# timeit_name                             : all
# tmpdir                                  : None
2026-03-11 21:59:34,141 INFO Number of reads counted: 28326646
# job finished in 2786 seconds at Wed Mar 11 21:59:34 2026 -- 2766.33  9.78  0.00  0.00 -- 0d31917a-ce79-413a-abb9-20c3aa53e6ae
Count_tab output saved to ../../../output/GCN4_pipeline/trebl_experiment_pool_C_umi_/trebl_experiment_pool_C_umi_RPTR_1_240_S7_R1_001_fastp/RPTR_1_240_S7_R1_001_fastp_directional_umi_counts.tsv
Deleted intermediate file ../../../output/GCN4_pipeline/trebl_experiment_pool_C_umi_/trebl_experiment_pool_C_umi_RPTR_1_240_S7_R1_001_fastp/RPTR_1_240_S7_R1_001_fastp_umi_count_input.tsv
Finished UMI Tools directional deduplication.

Saved to ../../../output/GCN4_pipeline/trebl_experiment_pool_C_umi_/trebl_experiment_pool_C_umi_RPTR_1_240_S7_R1_001_fastp/RPTR_1_240_S7_R1_001_fastp_simple_umi_counts.tsv
Saved to ../../../output/GCN4_pipeline/trebl_experiment_pool_C_umi_/trebl_experiment_pool_C_umi_RPTR_1_240_S7_R1_001_fastp/RPTR_1_240_S7_R1_001_fastp_reads_per_umi.tsv
Done in 1.19 minutes.

Reading 1 FASTQ/TXT file(s)...
Done in 12.79 minutes.

Reverse complement of sequences...
Done in 1.96 minutes.

Extracting 1 barcodes...
False
CTCGAG

RPTR_BC: extracting 14 bases after preceder 'CTCGAG'
Done in 1.05 minutes.

Extracting UMI...
True
TGTCAC

UMI: extracting 12bp UMI after flank 'TGTCAC' near end of read
Done in 57.09 seconds.

Done in 51.51 seconds.

Mapping complete.
Base prefix (stable across descriptors): trebl_experiment_pool_C_umi_RPTR_1_5_S2_R1_001_fastp_RPTR_BC_
Full prefix for this instance: trebl_experiment_pool_C_umi_RPTR_1_5_S2_R1_001_fastp_RPTR_BC_

Using the following step order:
1. initial
2. quality


Filtering to high-quality reads...
Created table: trebl_experiment_pool_C_umi_RPTR_1_5_S2_R1_001_fastp_RPTR_BC_quality — filtered for TRUE in all *_qual columns.
Done in 1.65 minutes.

Done.
Saved loss summary table as 'trebl_experiment_pool_C_umi_RPTR_1_5_S2_R1_001_fastp_RPTR_BC_loss_summary'
Done in 4.34 seconds.

Starting simple deduplication.
Finished simple deduplication.

Starting UMI Tools directional deduplication.
Exported TSV for count_tab to ../../../output/GCN4_pipeline/trebl_experiment_pool_C_umi_/trebl_experiment_pool_C_umi_RPTR_1_5_S2_R1_001_fastp/RPTR_1_5_S2_R1_001_fastp_umi_count_input.tsv
# UMI-tools version: 1.1.6
# output generated by count_tab --stdin ../../../output/GCN4_pipeline/trebl_experiment_pool_C_umi_/trebl_experiment_pool_C_umi_RPTR_1_5_S2_R1_001_fastp/RPTR_1_5_S2_R1_001_fastp_umi_count_input.tsv --stdout ../../../output/GCN4_pipeline/trebl_experiment_pool_C_umi_/trebl_experiment_pool_C_umi_RPTR_1_5_S2_R1_001_fastp/RPTR_1_5_S2_R1_001_fastp_directional_umi_counts.tsv
# job started at Wed Mar 11 22:24:59 2026 on n0151.savio2 -- e2d1fe74-1ff0-458a-a667-233bc8d426ce
# pid: 3889648, system: Linux 4.18.0-553.34.1.el8_10.x86_64 #1 SMP Wed Jan 8 14:44:18 UTC 2025 x86_64
# bc_sep                                  : _
# compresslevel                           : 6
# log2stderr                              : False
# loglevel                                : 1
# method                                  : directional
# per_cell                                : None
# random_seed                             : None
# read_length                             : False
# short_help                              : None
# soft_clip_threshold                     : 4
# spliced                                 : False
# stderr                                  : <_io.TextIOWrapper name='<stderr>' mode='w' encoding='utf-8'>
# stdin                                   : <_io.TextIOWrapper name='../../../output/GCN4_pipeline/trebl_experiment_pool_C_umi_/trebl_experiment_pool_C_umi_RPTR_1_5_S2_R1_001_fastp/RPTR_1_5_S2_R1_001_fastp_umi_count_input.tsv' mode='r' encoding='UTF-8'>
# stdlog                                  : <_io.TextIOWrapper name='<stdout>' mode='w' encoding='utf-8'>
# stdout                                  : <_io.TextIOWrapper name='../../../output/GCN4_pipeline/trebl_experiment_pool_C_umi_/trebl_experiment_pool_C_umi_RPTR_1_5_S2_R1_001_fastp/RPTR_1_5_S2_R1_001_fastp_directional_umi_counts.tsv' mode='w' encoding='UTF-8'>
# threshold                               : 1
# timeit_file                             : None
# timeit_header                           : None
# timeit_name                             : all
# tmpdir                                  : None
2026-03-11 22:32:31,288 INFO Number of reads counted: 6191185
# job finished in 451 seconds at Wed Mar 11 22:32:31 2026 -- 450.54  4.38  0.00  0.00 -- e2d1fe74-1ff0-458a-a667-233bc8d426ce
Count_tab output saved to ../../../output/GCN4_pipeline/trebl_experiment_pool_C_umi_/trebl_experiment_pool_C_umi_RPTR_1_5_S2_R1_001_fastp/RPTR_1_5_S2_R1_001_fastp_directional_umi_counts.tsv
Deleted intermediate file ../../../output/GCN4_pipeline/trebl_experiment_pool_C_umi_/trebl_experiment_pool_C_umi_RPTR_1_5_S2_R1_001_fastp/RPTR_1_5_S2_R1_001_fastp_umi_count_input.tsv
Finished UMI Tools directional deduplication.

Saved to ../../../output/GCN4_pipeline/trebl_experiment_pool_C_umi_/trebl_experiment_pool_C_umi_RPTR_1_5_S2_R1_001_fastp/RPTR_1_5_S2_R1_001_fastp_simple_umi_counts.tsv
Saved to ../../../output/GCN4_pipeline/trebl_experiment_pool_C_umi_/trebl_experiment_pool_C_umi_RPTR_1_5_S2_R1_001_fastp/RPTR_1_5_S2_R1_001_fastp_reads_per_umi.tsv
Done in 18.43 seconds.

Reading 1 FASTQ/TXT file(s)...
Done in 21.52 minutes.

Reverse complement of sequences...
Done in 3.85 minutes.

Extracting 1 barcodes...
False
CTCGAG

RPTR_BC: extracting 14 bases after preceder 'CTCGAG'
Done in 1.79 minutes.

Extracting UMI...
True
TGTCAC

UMI: extracting 12bp UMI after flank 'TGTCAC' near end of read
Done in 1.66 minutes.

Done in 1.55 minutes.

Mapping complete.
Base prefix (stable across descriptors): trebl_experiment_pool_C_umi_RPTR_2_180_S13_R1_001_fastp_RPTR_BC_
Full prefix for this instance: trebl_experiment_pool_C_umi_RPTR_2_180_S13_R1_001_fastp_RPTR_BC_

Using the following step order:
1. initial
2. quality


Filtering to high-quality reads...
Created table: trebl_experiment_pool_C_umi_RPTR_2_180_S13_R1_001_fastp_RPTR_BC_quality — filtered for TRUE in all *_qual columns.
Done in 1.71 minutes.

Done.
Saved loss summary table as 'trebl_experiment_pool_C_umi_RPTR_2_180_S13_R1_001_fastp_RPTR_BC_loss_summary'
Done in 3.77 seconds.

Starting simple deduplication.
Finished simple deduplication.

Starting UMI Tools directional deduplication.
Exported TSV for count_tab to ../../../output/GCN4_pipeline/trebl_experiment_pool_C_umi_/trebl_experiment_pool_C_umi_RPTR_2_180_S13_R1_001_fastp/RPTR_2_180_S13_R1_001_fastp_umi_count_input.tsv
# UMI-tools version: 1.1.6
# output generated by count_tab --stdin ../../../output/GCN4_pipeline/trebl_experiment_pool_C_umi_/trebl_experiment_pool_C_umi_RPTR_2_180_S13_R1_001_fastp/RPTR_2_180_S13_R1_001_fastp_umi_count_input.tsv --stdout ../../../output/GCN4_pipeline/trebl_experiment_pool_C_umi_/trebl_experiment_pool_C_umi_RPTR_2_180_S13_R1_001_fastp/RPTR_2_180_S13_R1_001_fastp_directional_umi_counts.tsv
# job started at Wed Mar 11 23:08:27 2026 on n0151.savio2 -- b2a462ae-afec-4f31-b186-f3fcfe74e9cb
# pid: 2921969, system: Linux 4.18.0-553.34.1.el8_10.x86_64 #1 SMP Wed Jan 8 14:44:18 UTC 2025 x86_64
# bc_sep                                  : _
# compresslevel                           : 6
# log2stderr                              : False
# loglevel                                : 1
# method                                  : directional
# per_cell                                : None
# random_seed                             : None
# read_length                             : False
# short_help                              : None
# soft_clip_threshold                     : 4
# spliced                                 : False
# stderr                                  : <_io.TextIOWrapper name='<stderr>' mode='w' encoding='utf-8'>
# stdin                                   : <_io.TextIOWrapper name='../../../output/GCN4_pipeline/trebl_experiment_pool_C_umi_/trebl_experiment_pool_C_umi_RPTR_2_180_S13_R1_001_fastp/RPTR_2_180_S13_R1_001_fastp_umi_count_input.tsv' mode='r' encoding='UTF-8'>
# stdlog                                  : <_io.TextIOWrapper name='<stdout>' mode='w' encoding='utf-8'>
# stdout                                  : <_io.TextIOWrapper name='../../../output/GCN4_pipeline/trebl_experiment_pool_C_umi_/trebl_experiment_pool_C_umi_RPTR_2_180_S13_R1_001_fastp/RPTR_2_180_S13_R1_001_fastp_directional_umi_counts.tsv' mode='w' encoding='UTF-8'>
# threshold                               : 1
# timeit_file                             : None
# timeit_header                           : None
# timeit_name                             : all
# tmpdir                                  : None
2026-03-12 00:10:02,279 INFO Number of reads counted: 27307626
# job finished in 3694 seconds at Thu Mar 12 00:10:02 2026 -- 3665.76 12.52  0.00  0.00 -- b2a462ae-afec-4f31-b186-f3fcfe74e9cb
Count_tab output saved to ../../../output/GCN4_pipeline/trebl_experiment_pool_C_umi_/trebl_experiment_pool_C_umi_RPTR_2_180_S13_R1_001_fastp/RPTR_2_180_S13_R1_001_fastp_directional_umi_counts.tsv
Deleted intermediate file ../../../output/GCN4_pipeline/trebl_experiment_pool_C_umi_/trebl_experiment_pool_C_umi_RPTR_2_180_S13_R1_001_fastp/RPTR_2_180_S13_R1_001_fastp_umi_count_input.tsv
Finished UMI Tools directional deduplication.

Saved to ../../../output/GCN4_pipeline/trebl_experiment_pool_C_umi_/trebl_experiment_pool_C_umi_RPTR_2_180_S13_R1_001_fastp/RPTR_2_180_S13_R1_001_fastp_simple_umi_counts.tsv
Saved to ../../../output/GCN4_pipeline/trebl_experiment_pool_C_umi_/trebl_experiment_pool_C_umi_RPTR_2_180_S13_R1_001_fastp/RPTR_2_180_S13_R1_001_fastp_reads_per_umi.tsv
Done in 1.48 minutes.

Reading 1 FASTQ/TXT file(s)...
Done in 18.82 minutes.

Reverse complement of sequences...
Done in 3.00 minutes.

Extracting 1 barcodes...
False
CTCGAG

RPTR_BC: extracting 14 bases after preceder 'CTCGAG'
Done in 1.47 minutes.

Extracting UMI...
True
TGTCAC

UMI: extracting 12bp UMI after flank 'TGTCAC' near end of read
Done in 1.34 minutes.

Done in 1.51 minutes.

Mapping complete.
Base prefix (stable across descriptors): trebl_experiment_pool_C_umi_RPTR_3_10_S17_R1_001_fastp_RPTR_BC_
Full prefix for this instance: trebl_experiment_pool_C_umi_RPTR_3_10_S17_R1_001_fastp_RPTR_BC_

Using the following step order:
1. initial
2. quality


Filtering to high-quality reads...
Created table: trebl_experiment_pool_C_umi_RPTR_3_10_S17_R1_001_fastp_RPTR_BC_quality — filtered for TRUE in all *_qual columns.
Done in 1.15 minutes.

Done.
Saved loss summary table as 'trebl_experiment_pool_C_umi_RPTR_3_10_S17_R1_001_fastp_RPTR_BC_loss_summary'
Done in 5.53 seconds.

Starting simple deduplication.
Finished simple deduplication.

Starting UMI Tools directional deduplication.
Exported TSV for count_tab to ../../../output/GCN4_pipeline/trebl_experiment_pool_C_umi_/trebl_experiment_pool_C_umi_RPTR_3_10_S17_R1_001_fastp/RPTR_3_10_S17_R1_001_fastp_umi_count_input.tsv
# UMI-tools version: 1.1.6
# output generated by count_tab --stdin ../../../output/GCN4_pipeline/trebl_experiment_pool_C_umi_/trebl_experiment_pool_C_umi_RPTR_3_10_S17_R1_001_fastp/RPTR_3_10_S17_R1_001_fastp_umi_count_input.tsv --stdout ../../../output/GCN4_pipeline/trebl_experiment_pool_C_umi_/trebl_experiment_pool_C_umi_RPTR_3_10_S17_R1_001_fastp/RPTR_3_10_S17_R1_001_fastp_directional_umi_counts.tsv
# job started at Thu Mar 12 00:43:39 2026 on n0151.savio2 -- 73d504e4-1c2a-4c00-99e5-1e5fa3f2c1fd
# pid: 1799911, system: Linux 4.18.0-553.34.1.el8_10.x86_64 #1 SMP Wed Jan 8 14:44:18 UTC 2025 x86_64
# bc_sep                                  : _
# compresslevel                           : 6
# log2stderr                              : False
# loglevel                                : 1
# method                                  : directional
# per_cell                                : None
# random_seed                             : None
# read_length                             : False
# short_help                              : None
# soft_clip_threshold                     : 4
# spliced                                 : False
# stderr                                  : <_io.TextIOWrapper name='<stderr>' mode='w' encoding='utf-8'>
# stdin                                   : <_io.TextIOWrapper name='../../../output/GCN4_pipeline/trebl_experiment_pool_C_umi_/trebl_experiment_pool_C_umi_RPTR_3_10_S17_R1_001_fastp/RPTR_3_10_S17_R1_001_fastp_umi_count_input.tsv' mode='r' encoding='UTF-8'>
# stdlog                                  : <_io.TextIOWrapper name='<stdout>' mode='w' encoding='utf-8'>
# stdout                                  : <_io.TextIOWrapper name='../../../output/GCN4_pipeline/trebl_experiment_pool_C_umi_/trebl_experiment_pool_C_umi_RPTR_3_10_S17_R1_001_fastp/RPTR_3_10_S17_R1_001_fastp_directional_umi_counts.tsv' mode='w' encoding='UTF-8'>
# threshold                               : 1
# timeit_file                             : None
# timeit_header                           : None
# timeit_name                             : all
# tmpdir                                  : None
2026-03-12 01:08:47,436 INFO Number of reads counted: 13032891
# job finished in 1507 seconds at Thu Mar 12 01:08:47 2026 -- 1455.04 30.39  0.00  0.00 -- 73d504e4-1c2a-4c00-99e5-1e5fa3f2c1fd
Count_tab output saved to ../../../output/GCN4_pipeline/trebl_experiment_pool_C_umi_/trebl_experiment_pool_C_umi_RPTR_3_10_S17_R1_001_fastp/RPTR_3_10_S17_R1_001_fastp_directional_umi_counts.tsv
Deleted intermediate file ../../../output/GCN4_pipeline/trebl_experiment_pool_C_umi_/trebl_experiment_pool_C_umi_RPTR_3_10_S17_R1_001_fastp/RPTR_3_10_S17_R1_001_fastp_umi_count_input.tsv
Finished UMI Tools directional deduplication.

Saved to ../../../output/GCN4_pipeline/trebl_experiment_pool_C_umi_/trebl_experiment_pool_C_umi_RPTR_3_10_S17_R1_001_fastp/RPTR_3_10_S17_R1_001_fastp_simple_umi_counts.tsv
Saved to ../../../output/GCN4_pipeline/trebl_experiment_pool_C_umi_/trebl_experiment_pool_C_umi_RPTR_3_10_S17_R1_001_fastp/RPTR_3_10_S17_R1_001_fastp_reads_per_umi.tsv
Done in 42.67 seconds.

Reading 1 FASTQ/TXT file(s)...
Done in 11.36 minutes.

Reverse complement of sequences...
Done in 1.85 minutes.

Extracting 1 barcodes...
False
CTCGAG

RPTR_BC: extracting 14 bases after preceder 'CTCGAG'
Done in 1.11 minutes.

Extracting UMI...
True
TGTCAC

UMI: extracting 12bp UMI after flank 'TGTCAC' near end of read
Done in 1.03 minutes.

Done in 51.91 seconds.

Mapping complete.
Base prefix (stable across descriptors): trebl_experiment_pool_C_umi_RPTR_2_5_S9_R1_001_fastp_RPTR_BC_
Full prefix for this instance: trebl_experiment_pool_C_umi_RPTR_2_5_S9_R1_001_fastp_RPTR_BC_

Using the following step order:
1. initial
2. quality


Filtering to high-quality reads...
Created table: trebl_experiment_pool_C_umi_RPTR_2_5_S9_R1_001_fastp_RPTR_BC_quality — filtered for TRUE in all *_qual columns.
Done in 2.51 minutes.

Done.
Saved loss summary table as 'trebl_experiment_pool_C_umi_RPTR_2_5_S9_R1_001_fastp_RPTR_BC_loss_summary'
Done in 2.36 seconds.

Starting simple deduplication.
Finished simple deduplication.

Starting UMI Tools directional deduplication.
Exported TSV for count_tab to ../../../output/GCN4_pipeline/trebl_experiment_pool_C_umi_/trebl_experiment_pool_C_umi_RPTR_2_5_S9_R1_001_fastp/RPTR_2_5_S9_R1_001_fastp_umi_count_input.tsv
# UMI-tools version: 1.1.6
# output generated by count_tab --stdin ../../../output/GCN4_pipeline/trebl_experiment_pool_C_umi_/trebl_experiment_pool_C_umi_RPTR_2_5_S9_R1_001_fastp/RPTR_2_5_S9_R1_001_fastp_umi_count_input.tsv --stdout ../../../output/GCN4_pipeline/trebl_experiment_pool_C_umi_/trebl_experiment_pool_C_umi_RPTR_2_5_S9_R1_001_fastp/RPTR_2_5_S9_R1_001_fastp_directional_umi_counts.tsv
# job started at Thu Mar 12 01:32:48 2026 on n0151.savio2 -- ba483afb-0157-426f-8367-82d3ea316dc6
# pid: 1323136, system: Linux 4.18.0-553.34.1.el8_10.x86_64 #1 SMP Wed Jan 8 14:44:18 UTC 2025 x86_64
# bc_sep                                  : _
# compresslevel                           : 6
# log2stderr                              : False
# loglevel                                : 1
# method                                  : directional
# per_cell                                : None
# random_seed                             : None
# read_length                             : False
# short_help                              : None
# soft_clip_threshold                     : 4
# spliced                                 : False
# stderr                                  : <_io.TextIOWrapper name='<stderr>' mode='w' encoding='utf-8'>
# stdin                                   : <_io.TextIOWrapper name='../../../output/GCN4_pipeline/trebl_experiment_pool_C_umi_/trebl_experiment_pool_C_umi_RPTR_2_5_S9_R1_001_fastp/RPTR_2_5_S9_R1_001_fastp_umi_count_input.tsv' mode='r' encoding='UTF-8'>
# stdlog                                  : <_io.TextIOWrapper name='<stdout>' mode='w' encoding='utf-8'>
# stdout                                  : <_io.TextIOWrapper name='../../../output/GCN4_pipeline/trebl_experiment_pool_C_umi_/trebl_experiment_pool_C_umi_RPTR_2_5_S9_R1_001_fastp/RPTR_2_5_S9_R1_001_fastp_directional_umi_counts.tsv' mode='w' encoding='UTF-8'>
# threshold                               : 1
# timeit_file                             : None
# timeit_header                           : None
# timeit_name                             : all
# tmpdir                                  : None
2026-03-12 01:40:03,051 INFO Number of reads counted: 6842707
# job finished in 434 seconds at Thu Mar 12 01:40:03 2026 -- 433.75  4.39  0.00  0.00 -- ba483afb-0157-426f-8367-82d3ea316dc6
Count_tab output saved to ../../../output/GCN4_pipeline/trebl_experiment_pool_C_umi_/trebl_experiment_pool_C_umi_RPTR_2_5_S9_R1_001_fastp/RPTR_2_5_S9_R1_001_fastp_directional_umi_counts.tsv
Deleted intermediate file ../../../output/GCN4_pipeline/trebl_experiment_pool_C_umi_/trebl_experiment_pool_C_umi_RPTR_2_5_S9_R1_001_fastp/RPTR_2_5_S9_R1_001_fastp_umi_count_input.tsv
Finished UMI Tools directional deduplication.

Saved to ../../../output/GCN4_pipeline/trebl_experiment_pool_C_umi_/trebl_experiment_pool_C_umi_RPTR_2_5_S9_R1_001_fastp/RPTR_2_5_S9_R1_001_fastp_simple_umi_counts.tsv
Saved to ../../../output/GCN4_pipeline/trebl_experiment_pool_C_umi_/trebl_experiment_pool_C_umi_RPTR_2_5_S9_R1_001_fastp/RPTR_2_5_S9_R1_001_fastp_reads_per_umi.tsv
Done in 25.56 seconds.

Plotting BCs:   0%|                                       | 0/21 [00:00<?, ?it/s]Plotting BCs:   5%|█▍                             | 1/21 [00:18<06:06, 18.34s/it]Plotting BCs:  10%|██▉                            | 2/21 [00:40<06:35, 20.79s/it]Plotting BCs:  14%|████▍                          | 3/21 [00:50<04:44, 15.81s/it]Plotting BCs:  19%|█████▉                         | 4/21 [01:11<05:02, 17.80s/it]Plotting BCs:  24%|███████▍                       | 5/21 [01:24<04:17, 16.07s/it]Plotting BCs:  29%|████████▊                      | 6/21 [01:50<04:49, 19.29s/it]Plotting BCs:  33%|██████████▎                    | 7/21 [02:17<05:07, 21.97s/it]Plotting BCs:  38%|███████████▊                   | 8/21 [02:44<05:08, 23.70s/it]Plotting BCs:  43%|█████████████▎                 | 9/21 [03:08<04:44, 23.70s/it]Plotting BCs:  48%|██████████████▎               | 10/21 [03:34<04:27, 24.29s/it]Plotting BCs:  52%|███████████████▋              | 11/21 [04:03<04:17, 25.72s/it]Plotting BCs:  57%|█████████████████▏            | 12/21 [04:25<03:42, 24.74s/it]Plotting BCs:  62%|██████████████████▌           | 13/21 [04:57<03:34, 26.77s/it]Plotting BCs:  67%|████████████████████          | 14/21 [05:24<03:08, 26.93s/it]Plotting BCs:  71%|█████████████████████▍        | 15/21 [05:53<02:45, 27.53s/it]Plotting BCs:  76%|██████████████████████▊       | 16/21 [06:12<02:04, 24.94s/it]Plotting BCs:  81%|████████████████████████▎     | 17/21 [06:29<01:29, 22.50s/it]Plotting BCs:  86%|█████████████████████████▋    | 18/21 [06:54<01:09, 23.26s/it]Plotting BCs:  90%|███████████████████████████▏  | 19/21 [07:23<00:50, 25.16s/it]Plotting BCs:  95%|████████████████████████████▌ | 20/21 [07:47<00:24, 24.62s/it]Plotting BCs: 100%|██████████████████████████████| 21/21 [08:08<00:00, 23.63s/it]Plotting BCs: 100%|██████████████████████████████| 21/21 [08:08<00:00, 23.26s/it]
Plotting BCs:   0%|                                       | 0/21 [00:00<?, ?it/s]Plotting BCs:   5%|█▍                             | 1/21 [00:12<04:12, 12.63s/it]Plotting BCs:  10%|██▉                            | 2/21 [00:31<05:12, 16.46s/it]Plotting BCs:  14%|████▍                          | 3/21 [00:53<05:40, 18.90s/it]Plotting BCs:  19%|█████▉                         | 4/21 [01:17<05:57, 21.00s/it]Plotting BCs:  24%|███████▍                       | 5/21 [01:43<06:02, 22.68s/it]Plotting BCs:  29%|████████▊                      | 6/21 [02:00<05:11, 20.79s/it]Plotting BCs:  33%|██████████▎                    | 7/21 [02:16<04:29, 19.28s/it]Plotting BCs:  38%|███████████▊                   | 8/21 [02:31<03:50, 17.72s/it]Plotting BCs:  43%|█████████████▎                 | 9/21 [02:49<03:36, 18.05s/it]Plotting BCs:  48%|██████████████▎               | 10/21 [02:58<02:46, 15.12s/it]Plotting BCs:  52%|███████████████▋              | 11/21 [03:23<03:01, 18.20s/it]Plotting BCs:  57%|█████████████████▏            | 12/21 [03:36<02:30, 16.69s/it]Plotting BCs:  62%|██████████████████▌           | 13/21 [03:59<02:27, 18.42s/it]Plotting BCs:  67%|████████████████████          | 14/21 [04:01<01:34, 13.48s/it]Plotting BCs:  71%|█████████████████████▍        | 15/21 [04:08<01:09, 11.62s/it]Plotting BCs:  76%|██████████████████████▊       | 16/21 [04:11<00:44,  8.86s/it]Plotting BCs:  81%|████████████████████████▎     | 17/21 [04:26<00:42, 10.70s/it]Plotting BCs:  86%|█████████████████████████▋    | 18/21 [04:39<00:34, 11.61s/it]Plotting BCs:  90%|███████████████████████████▏  | 19/21 [05:05<00:31, 15.97s/it]Plotting BCs:  95%|████████████████████████████▌ | 20/21 [05:21<00:15, 15.90s/it]Plotting BCs: 100%|██████████████████████████████| 21/21 [05:37<00:00, 16.01s/it]Plotting BCs: 100%|██████████████████████████████| 21/21 [05:38<00:00, 16.10s/it]
